// Jest Snapshot v1, https://goo.gl/fbAQLP

exports[`(Component) Video matching the snapshot 1`] = `
<Video
  autoPlay={true}
  className=""
  loop={true}
  muted={true}
  playsInline={true}
/>
`;
