// Jest Snapshot v1, https://goo.gl/fbAQLP

exports[`(Styled Component) MobileNavigation matching the snapshot 1`] = `
.c0 .screenReader {
  font-size: 0;
}

.c0 .c1 {
  max-width: 22.4rem;
}

.c0 ul ul {
  margin-bottom: 2rem;
}

.c0 ul ul ul {
  margin-bottom: 0;
}

<BaseMobileNavigation
  className="c0"
  drawerPosition="fixed"
  homepageUrl="https://rocketsofawesome.com"
  outfitNav="true"
  showBlog=""
/>
`;
