// Jest Snapshot v1, https://goo.gl/fbAQLP

exports[`(Styled Component) MobileLinkTop matching the snapshot 1`] = `
.c0 {
  display: -webkit-inline-box;
  display: -webkit-inline-flex;
  display: -ms-inline-flexbox;
  display: inline-flex;
  height: 4rem;
  -webkit-align-items: center;
  -webkit-box-align: center;
  -ms-flex-align: center;
  align-items: center;
  background-color: transparent;
  padding-left: 0.5rem;
  padding-right: 0.5rem;
}

.c0:active,
.c0:focus,
.c0:hover,
.c0:visited {
  color: #0073D1;
}

<Styled(Styled(Component))
  background="transparent"
  className="c0"
  fontFamily="\\"din-cond\\", \\"din-condensed-web\\", Arial, sans-serif"
  fontSize="2.6rem"
  underline={false}
  uppercase={true}
/>
`;
