// Jest Snapshot v1, https://goo.gl/fbAQLP

exports[`(Component) BaseCardIcon matching the snapshot 1`] = `
<BaseCardIcon>
  <svg
    version="1.1"
    xmlns="http://www.w3.org/2000/svg"
  />
</BaseCardIcon>
`;
