// Jest Snapshot v1, https://goo.gl/fbAQLP

exports[`(Styled Component) MegaMenu matching the snapshot 1`] = `
.c0 {
  overflow: hidden;
  padding-top: 4rem;
  padding-bottom: 4rem;
  background-color: #FFFFFF;
  box-shadow: 0 2px 1px 0 rgba(0,0,0,.16);
  border-top: 0.2rem solid #0073D1;
  border-bottom: 0.2rem solid #0073D1;
}

.c0.closed {
  opacity: 0;
  height: 0;
  padding: 0;
}

.c0.closing {
  opacity: 0;
  -webkit-animation: hPNQcY 0.3s ease-in;
  animation: hPNQcY 0.3s ease-in;
}

.c0.opened {
  opacity: 1;
  -webkit-animation: cussWI 0.3s ease-in;
  animation: cussWI 0.3s ease-in;
}

.c0 .c1 {
  margin-bottom: 1rem;
  display: inline-block;
}

.c0 li {
  list-style: none;
}

.c0 .imageContainer {
  position: relative;
  width: 100%;
  height: 100%;
  display: -webkit-box;
  display: -webkit-flex;
  display: -ms-flexbox;
  display: flex;
}

.c0 .menuImage {
  position: absolute;
  left: 0;
  top: 0;
  width: auto;
  max-width: 100%;
  max-height: 30rem;
  margin-top: 2rem;
  border: 0.1rem solid #0073D1;
  border-radius: 0.2rem;
  -webkit-animation: cussWI 0.3s ease-in;
  animation: cussWI 0.3s ease-in;
}

<BaseMegaMenu
  animationLength={300}
  className="c0"
  closed={true}
  closing={false}
  regions={
    Object {
      "left": Array [
        Object {
          "id": "category",
          "links": Array [
            Object {
              "src": "https://res.cloudinary.com/roa-canon/web/megamenu/NAV_G_NewArrivals.jpg",
              "target": "#",
              "text": "Shop New",
            },
            Object {
              "src": "https://res.cloudinary.com/roa-canon/web/megamenu/NAV_G_BestSellers.jpg",
              "target": "#",
              "text": "Best Sellers",
            },
            Object {
              "src": "https://res.cloudinary.com/roa-canon/web/megamenu/NAV_G_GraphicTees.jpg",
              "target": "#",
              "text": "Graphics Shop",
            },
            Object {
              "src": "https://res.cloudinary.com/roa-canon/web/megamenu/NAV_G_Tops.jpg",
              "target": "#",
              "text": "Tees & Tops",
            },
            Object {
              "src": "https://res.cloudinary.com/roa-canon/web/megamenu/NAV_G_Sweats.jpg",
              "target": "#",
              "text": "Sweatshirts",
            },
            Object {
              "src": "https://res.cloudinary.com/roa-canon/web/megamenu/NAV_G_Dresses.jpg",
              "target": "#",
              "text": "Dresses & Skirts",
            },
            Object {
              "src": "https://res.cloudinary.com/roa-canon/web/megamenu/NAV_G_Pants.jpg",
              "target": "#",
              "text": "Leggings & Sweatpants",
            },
            Object {
              "src": "https://res.cloudinary.com/roa-canon/web/megamenu/NAV_G_Active.jpg",
              "target": "#",
              "text": "Active",
            },
            Object {
              "src": "https://res.cloudinary.com/roa-canon/web/megamenu/NAV_G_Outerwear.jpg",
              "target": "#",
              "text": "Outerwear",
            },
            Object {
              "src": "https://res.cloudinary.com/roa-canon/web/megamenu/NAV_G_Swim.jpg",
              "target": "#",
              "text": "Swim",
            },
            Object {
              "src": "https://res.cloudinary.com/roa-canon/web/megamenu/NAV_G_Accessories.jpg",
              "target": "#",
              "text": "Accessories",
            },
            Object {
              "src": "https://res.cloudinary.com/roa-canon/web/megamenu/NAV_G_All.jpg",
              "target": "#",
              "text": "Shop All",
            },
          ],
          "title": "Shop by Category",
        },
      ],
      "right": Array [
        Object {
          "id": "story",
          "links": Array [
            Object {
              "href": "#",
              "src": "https://res.cloudinary.com/roa-canon/web/megamenu/NAV_E_Neon.jpg",
              "text": "Next-Level Neon",
            },
            Object {
              "href": "#",
              "src": "https://res.cloudinary.com/roa-canon/web/megamenu/NAV_E_Rainbow.jpg",
              "text": "Not Your Average Rainbow",
            },
            Object {
              "href": "#",
              "src": "https://res.cloudinary.com/roa-canon/web/megamenu/NAV_E_Graffiti.jpg",
              "text": "Awesome Graffiti",
            },
            Object {
              "href": "#",
              "src": "https://res.cloudinary.com/roa-canon/web/megamenu/NAV_E_Vacation.jpg",
              "text": "Vacation-Ready Styles",
            },
          ],
          "title": "Shop by Story",
        },
      ],
    }
  }
  visible={false}
/>
`;
