// Jest Snapshot v1, https://goo.gl/fbAQLP

exports[`(Styled Component) NavyHr matching the snapshot 1`] = `
.c0 {
  background-color: #00003C;
}

<styled.hr
  className="c0"
  width="100%"
/>
`;
