// Jest Snapshot v1, https://goo.gl/fbAQLP

exports[`(Component) Checkbox matching the snapshot 1`] = `
.c1 {
  text-align: left;
  margin-bottom: 0;
  -webkit-letter-spacing: .1rem;
  -moz-letter-spacing: .1rem;
  -ms-letter-spacing: .1rem;
  letter-spacing: .1rem;
  text-transform: inherit;
  font-family: "ff-din-web",Helvetica,Arial,sans-serif;
  font-size: 1.4rem;
  font-weight: 500;
  color: #00003C;
}

.c5 {
  fill: none;
  stroke-width: 20;
  stroke-linecap: round;
  stroke: #FFFFFF;
}

.c4 {
  -webkit-animation: hBmzvO 0.25s linear forwards;
  animation: hBmzvO 0.25s linear forwards;
  stroke: transparent;
  stroke-width: 10;
  stroke-linecap: round;
  stroke-dashoffset: 200;
  fill: none;
  stroke: #0073D1;
  stroke-width: 20;
  stroke-linecap: round;
}

.c2 {
  width: 2.5rem;
  height: 2.5rem;
  margin-right: .9rem;
}

.c0 {
  display: -webkit-box;
  display: -webkit-flex;
  display: -ms-flexbox;
  display: flex;
  -webkit-align-items: center;
  -webkit-box-align: center;
  -ms-flex-align: center;
  align-items: center;
  font-size: 1.6rem;
  font-weight: 400;
}

.c0 input {
  width: 0;
  height: 0;
  opacity: 0;
}

.c0 input:focused + .c3 {
  stroke-width: 40;
}

<label
  className="c0 c1"
  fontSize="1.4rem"
  fontWeight="500"
  letterSpacing=".1rem"
>
  <input
    checked={false}
    type="checkbox"
    value={false}
  />
  <svg
    className="c2"
    viewBox="0 0 190 190"
    xmlns="http://www.w3.org/2000/svg"
  >
    <rect
      className="c3 c4"
      height="185"
      rx="10"
      ry="10"
      width="185"
      x="2.5"
      y="2.5"
    />
    <polyline
      className="c5"
      points="38.75 98.75 77.75 134.75 151.25 55.25"
    />
  </svg>
  Example Checkbox
</label>
`;
