// Jest Snapshot v1, https://goo.gl/fbAQLP

exports[`(Base Component) Check matching the snapshot 1`] = `
.c0 {
  fill: none;
  stroke-width: 20;
  stroke-linecap: round;
  stroke: #FFFFFF;
}

<Check
  className="c0"
/>
`;
