// Jest Snapshot v1, https://goo.gl/fbAQLP

exports[`(Styled Component) MobileHeader matching the snapshot 1`] = `
.c0 {
  min-height: 4.8rem;
  background-color: #FFFFFF;
  box-shadow: 0 0.2rem 0.1rem 0 rgba(0,0,0,.16);
  top: 0;
  left: 0;
  width: 100%;
  display: -webkit-box;
  display: -webkit-flex;
  display: -ms-flexbox;
  display: flex;
  -webkit-box-pack: justify;
  -webkit-justify-content: space-between;
  -ms-flex-pack: justify;
  justify-content: space-between;
  -webkit-align-items: center;
  -webkit-box-align: center;
  -ms-flex-align: center;
  align-items: center;
  padding: 0 0.5rem 0 1rem;
  box-sizing: border-box;
}

<header
  className="c0"
/>
`;
