// Jest Snapshot v1, https://goo.gl/fbAQLP

exports[`(Base Component) Check should render correctly 1`] = `
.c0 {
  fill: none;
  stroke-width: 20;
  stroke-linecap: round;
  stroke: #FFFFFF;
}

<polyline
  className="c0"
  points="38.75 98.75 77.75 134.75 151.25 55.25"
/>
`;
